This is pdfTeX, Version 3.141592653-2.6-1.40.28 (MiKTeX 25.12) (preloaded format=pdflatex 2026.5.28)  11 JUN 2026 16:44
entering extended mode
 restricted \write18 enabled.
 %&-line parsing enabled.
**./main.tex
(main.tex
LaTeX2e <2025-11-01>
L3 programming layer <2025-12-24>

(C:\Users\USUARIO.DESKTOP-KJ9DUHE.000\AppData\Local\Programs\MiKTeX\tex/latex/b
eamer\beamer.cls
Document Class: beamer 2026/01/22 v3.77 A class for typesetting presentations

(C:\Users\USUARIO.DESKTOP-KJ9DUHE.000\AppData\Local\Programs\MiKTeX\tex/latex/b
eamer\beamerbasemodes.sty
(C:\Users\USUARIO.DESKTOP-KJ9DUHE.000\AppData\Local\Programs\MiKTeX\tex/latex/e
toolbox\etoolbox.sty
Package: etoolbox 2025/10/02 v2.5m e-TeX tools for LaTeX (JAW)
\etb@tempcnta=\count275
)
\beamer@tempbox=\box53
\beamer@tempcount=\count276
\c@beamerpauses=\count277

(C:\Users\USUARIO.DESKTOP-KJ9DUHE.000\AppData\Local\Programs\MiKTeX\tex/latex/b
eamer\beamerbasedecode.sty
\beamer@slideinframe=\count278
\beamer@minimum=\count279
\beamer@decode@box=\box54
)
\beamer@commentbox=\box55
\beamer@modecount=\count280
)
(C:\Users\USUARIO.DESKTOP-KJ9DUHE.000\AppData\Local\Programs\MiKTeX\tex/generic
/iftex\iftex.sty
Package: iftex 2024/12/12 v1.0g TeX engine tests
)
\headdp=\dimen148
\footheight=\dimen149
\sidebarheight=\dimen150
\beamer@tempdim=\dimen151
\beamer@finalheight=\dimen152
\beamer@animht=\dimen153
\beamer@animdp=\dimen154
\beamer@animwd=\dimen155
\beamer@leftmargin=\dimen156
\beamer@rightmargin=\dimen157
\beamer@leftsidebar=\dimen158
\beamer@rightsidebar=\dimen159
\beamer@boxsize=\dimen160
\beamer@vboxoffset=\dimen161
\beamer@descdefault=\dimen162
\beamer@descriptionwidth=\dimen163
\beamer@lastskip=\skip49
\beamer@areabox=\box56
\beamer@animcurrent=\box57
\beamer@animshowbox=\box58
\beamer@sectionbox=\box59
\beamer@logobox=\box60
\beamer@linebox=\box61
\beamer@sectioncount=\count281
\beamer@subsubsectionmax=\count282
\beamer@subsectionmax=\count283
\beamer@sectionmax=\count284
\beamer@totalheads=\count285
\beamer@headcounter=\count286
\beamer@partstartpage=\count287
\beamer@sectionstartpage=\count288
\beamer@subsectionstartpage=\count289
\beamer@animationtempa=\count290
\beamer@animationtempb=\count291
\beamer@xpos=\count292
\beamer@ypos=\count293
\beamer@ypos@offset=\count294
\beamer@showpartnumber=\count295
\beamer@currentsubsection=\count296
\beamer@coveringdepth=\count297
\beamer@sectionadjust=\count298
\beamer@toclastsection=\count299
\beamer@tocsectionnumber=\count300

(C:\Users\USUARIO.DESKTOP-KJ9DUHE.000\AppData\Local\Programs\MiKTeX\tex/latex/b
eamer\beamerbaseoptions.sty
(C:\Users\USUARIO.DESKTOP-KJ9DUHE.000\AppData\Local\Programs\MiKTeX\tex/latex/g
raphics\keyval.sty
Package: keyval 2022/05/29 v1.15 key=value parser (DPC)
\KV@toks@=\toks17
))
\beamer@paperwidth=\skip50
\beamer@paperheight=\skip51

(C:\Users\USUARIO.DESKTOP-KJ9DUHE.000\AppData\Local\Programs\MiKTeX\tex/latex/g
eometry\geometry.sty
Package: geometry 2026/03/07 v6.0 Page Geometry

(C:\Users\USUARIO.DESKTOP-KJ9DUHE.000\AppData\Local\Programs\MiKTeX\tex/generic
/iftex\ifvtex.sty
Package: ifvtex 2019/10/25 v1.7 ifvtex legacy package. Use iftex instead.
)
\Gm@cnth=\count301
\Gm@cntv=\count302
\c@Gm@tempcnt=\count303
\Gm@bindingoffset=\dimen164
\Gm@wd@mp=\dimen165
\Gm@odd@mp=\dimen166
\Gm@even@mp=\dimen167
\Gm@layoutwidth=\dimen168
\Gm@layoutheight=\dimen169
\Gm@layouthoffset=\dimen170
\Gm@layoutvoffset=\dimen171
\Gm@dimlist=\toks18

(C:\Users\USUARIO.DESKTOP-KJ9DUHE.000\AppData\Local\Programs\MiKTeX\tex/latex/g
eometry\geometry.cfg))
(C:\Users\USUARIO.DESKTOP-KJ9DUHE.000\AppData\Local\Programs\MiKTeX\tex/latex/p
gf/math\pgfmath.sty
(C:\Users\USUARIO.DESKTOP-KJ9DUHE.000\AppData\Local\Programs\MiKTeX\tex/latex/p
gf/utilities\pgfrcs.sty
(C:\Users\USUARIO.DESKTOP-KJ9DUHE.000\AppData\Local\Programs\MiKTeX\tex/generic
/pgf/utilities\pgfutil-common.tex
\pgfutil@everybye=\toks19
\pgfutil@tempdima=\dimen172
\pgfutil@tempdimb=\dimen173
)
(C:\Users\USUARIO.DESKTOP-KJ9DUHE.000\AppData\Local\Programs\MiKTeX\tex/generic
/pgf/utilities\pgfutil-latex.def
\pgfutil@abb=\box62
)
(C:\Users\USUARIO.DESKTOP-KJ9DUHE.000\AppData\Local\Programs\MiKTeX\tex/generic
/pgf/utilities\pgfrcs.code.tex
(C:\Users\USUARIO.DESKTOP-KJ9DUHE.000\AppData\Local\Programs\MiKTeX\tex/generic
/pgf\pgf.revision.tex)
Package: pgfrcs 2025-08-29 v3.1.11a (3.1.11a)
))
(C:\Users\USUARIO.DESKTOP-KJ9DUHE.000\AppData\Local\Programs\MiKTeX\tex/latex/p
gf/utilities\pgfkeys.sty
(C:\Users\USUARIO.DESKTOP-KJ9DUHE.000\AppData\Local\Programs\MiKTeX\tex/generic
/pgf/utilities\pgfkeys.code.tex
\pgfkeys@pathtoks=\toks20
\pgfkeys@temptoks=\toks21

(C:\Users\USUARIO.DESKTOP-KJ9DUHE.000\AppData\Local\Programs\MiKTeX\tex/generic
/pgf/utilities\pgfkeyslibraryfiltered.code.tex
\pgfkeys@tmptoks=\toks22
)))
(C:\Users\USUARIO.DESKTOP-KJ9DUHE.000\AppData\Local\Programs\MiKTeX\tex/generic
/pgf/math\pgfmath.code.tex
(C:\Users\USUARIO.DESKTOP-KJ9DUHE.000\AppData\Local\Programs\MiKTeX\tex/generic
/pgf/math\pgfmathutil.code.tex
\pgf@x=\dimen174
\pgf@xa=\dimen175
\pgf@xb=\dimen176
\pgf@xc=\dimen177
\pgf@y=\dimen178
\pgf@ya=\dimen179
\pgf@yb=\dimen180
\pgf@yc=\dimen181
\c@pgf@counta=\count304
\c@pgf@countb=\count305
\c@pgf@countc=\count306
\c@pgf@countd=\count307
)
(C:\Users\USUARIO.DESKTOP-KJ9DUHE.000\AppData\Local\Programs\MiKTeX\tex/generic
/pgf/math\pgfmathparser.code.tex
\pgfmath@dimen=\dimen182
\pgfmath@count=\count308
\pgfmath@box=\box63
\pgfmath@toks=\toks23
\pgfmath@stack@operand=\toks24
\pgfmath@stack@operation=\toks25
)
(C:\Users\USUARIO.DESKTOP-KJ9DUHE.000\AppData\Local\Programs\MiKTeX\tex/generic
/pgf/math\pgfmathfunctions.code.tex)
(C:\Users\USUARIO.DESKTOP-KJ9DUHE.000\AppData\Local\Programs\MiKTeX\tex/generic
/pgf/math\pgfmathfunctions.basic.code.tex)
(C:\Users\USUARIO.DESKTOP-KJ9DUHE.000\AppData\Local\Programs\MiKTeX\tex/generic
/pgf/math\pgfmathfunctions.trigonometric.code.tex)
(C:\Users\USUARIO.DESKTOP-KJ9DUHE.000\AppData\Local\Programs\MiKTeX\tex/generic
/pgf/math\pgfmathfunctions.random.code.tex)
(C:\Users\USUARIO.DESKTOP-KJ9DUHE.000\AppData\Local\Programs\MiKTeX\tex/generic
/pgf/math\pgfmathfunctions.comparison.code.tex)
(C:\Users\USUARIO.DESKTOP-KJ9DUHE.000\AppData\Local\Programs\MiKTeX\tex/generic
/pgf/math\pgfmathfunctions.base.code.tex)
(C:\Users\USUARIO.DESKTOP-KJ9DUHE.000\AppData\Local\Programs\MiKTeX\tex/generic
/pgf/math\pgfmathfunctions.round.code.tex)
(C:\Users\USUARIO.DESKTOP-KJ9DUHE.000\AppData\Local\Programs\MiKTeX\tex/generic
/pgf/math\pgfmathfunctions.misc.code.tex)
(C:\Users\USUARIO.DESKTOP-KJ9DUHE.000\AppData\Local\Programs\MiKTeX\tex/generic
/pgf/math\pgfmathfunctions.integerarithmetics.code.tex)
(C:\Users\USUARIO.DESKTOP-KJ9DUHE.000\AppData\Local\Programs\MiKTeX\tex/generic
/pgf/math\pgfmathcalc.code.tex)
(C:\Users\USUARIO.DESKTOP-KJ9DUHE.000\AppData\Local\Programs\MiKTeX\tex/generic
/pgf/math\pgfmathfloat.code.tex
\c@pgfmathroundto@lastzeros=\count309
)))
(C:\Users\USUARIO.DESKTOP-KJ9DUHE.000\AppData\Local\Programs\MiKTeX\tex/latex/b
ase\size11.clo
File: size11.clo 2025/01/22 v1.4n Standard LaTeX file (size option)
)
(C:\Users\USUARIO.DESKTOP-KJ9DUHE.000\AppData\Local\Programs\MiKTeX\tex/latex/p
gf/basiclayer\pgfcore.sty
(C:\Users\USUARIO.DESKTOP-KJ9DUHE.000\AppData\Local\Programs\MiKTeX\tex/latex/g
raphics\graphicx.sty
Package: graphicx 2024/12/31 v1.2e Enhanced LaTeX Graphics (DPC,SPQR)

(C:\Users\USUARIO.DESKTOP-KJ9DUHE.000\AppData\Local\Programs\MiKTeX\tex/latex/g
raphics\graphics.sty
Package: graphics 2024/08/06 v1.4g Standard LaTeX Graphics (DPC,SPQR)

(C:\Users\USUARIO.DESKTOP-KJ9DUHE.000\AppData\Local\Programs\MiKTeX\tex/latex/g
raphics\trig.sty
Package: trig 2023/12/02 v1.11 sin cos tan (DPC)
)
(C:\Users\USUARIO.DESKTOP-KJ9DUHE.000\AppData\Local\Programs\MiKTeX\tex/latex/g
raphics-cfg\graphics.cfg
File: graphics.cfg 2016/06/04 v1.11 sample graphics configuration
)
Package graphics Info: Driver file: pdftex.def on input line 106.

(C:\Users\USUARIO.DESKTOP-KJ9DUHE.000\AppData\Local\Programs\MiKTeX\tex/latex/g
raphics-def\pdftex.def
File: pdftex.def 2025/09/29 v1.2d Graphics/color driver for pdftex
))
\Gin@req@height=\dimen183
\Gin@req@width=\dimen184
)
(C:\Users\USUARIO.DESKTOP-KJ9DUHE.000\AppData\Local\Programs\MiKTeX\tex/latex/p
gf/systemlayer\pgfsys.sty
(C:\Users\USUARIO.DESKTOP-KJ9DUHE.000\AppData\Local\Programs\MiKTeX\tex/generic
/pgf/systemlayer\pgfsys.code.tex
Package: pgfsys 2025-08-29 v3.1.11a (3.1.11a)
\pgf@x=\dimen185
\pgf@y=\dimen186
\pgf@xa=\dimen187
\pgf@ya=\dimen188
\pgf@xb=\dimen189
\pgf@yb=\dimen190
\pgf@xc=\dimen191
\pgf@yc=\dimen192
\pgf@xd=\dimen193
\pgf@yd=\dimen194
\w@pgf@writea=\write3
\r@pgf@reada=\read2
\c@pgf@counta=\count310
\c@pgf@countb=\count311
\c@pgf@countc=\count312
\c@pgf@countd=\count313
\t@pgf@toka=\toks26
\t@pgf@tokb=\toks27
\t@pgf@tokc=\toks28
\pgf@sys@id@count=\count314

(C:\Users\USUARIO.DESKTOP-KJ9DUHE.000\AppData\Local\Programs\MiKTeX\tex/generic
/pgf/systemlayer\pgf.cfg
File: pgf.cfg 2025-08-29 v3.1.11a (3.1.11a)
)
Driver file for pgf: pgfsys-pdftex.def

(C:\Users\USUARIO.DESKTOP-KJ9DUHE.000\AppData\Local\Programs\MiKTeX\tex/generic
/pgf/systemlayer\pgfsys-pdftex.def
File: pgfsys-pdftex.def 2025-08-29 v3.1.11a (3.1.11a)

(C:\Users\USUARIO.DESKTOP-KJ9DUHE.000\AppData\Local\Programs\MiKTeX\tex/generic
/pgf/systemlayer\pgfsys-common-pdf.def
File: pgfsys-common-pdf.def 2025-08-29 v3.1.11a (3.1.11a)
)))
(C:\Users\USUARIO.DESKTOP-KJ9DUHE.000\AppData\Local\Programs\MiKTeX\tex/generic
/pgf/systemlayer\pgfsyssoftpath.code.tex
File: pgfsyssoftpath.code.tex 2025-08-29 v3.1.11a (3.1.11a)
\pgfsyssoftpath@smallbuffer@items=\count315
\pgfsyssoftpath@bigbuffer@items=\count316
)
(C:\Users\USUARIO.DESKTOP-KJ9DUHE.000\AppData\Local\Programs\MiKTeX\tex/generic
/pgf/systemlayer\pgfsysprotocol.code.tex
File: pgfsysprotocol.code.tex 2025-08-29 v3.1.11a (3.1.11a)
))
(C:\Users\USUARIO.DESKTOP-KJ9DUHE.000\AppData\Local\Programs\MiKTeX\tex/latex/x
color\xcolor.sty
Package: xcolor 2024/09/29 v3.02 LaTeX color extensions (UK)

(C:\Users\USUARIO.DESKTOP-KJ9DUHE.000\AppData\Local\Programs\MiKTeX\tex/latex/g
raphics-cfg\color.cfg
File: color.cfg 2016/01/02 v1.6 sample color configuration
)
Package xcolor Info: Driver file: pdftex.def on input line 274.

(C:\Users\USUARIO.DESKTOP-KJ9DUHE.000\AppData\Local\Programs\MiKTeX\tex/latex/g
raphics\mathcolor.ltx)
Package xcolor Info: Model `cmy' substituted by `cmy0' on input line 1349.
Package xcolor Info: Model `hsb' substituted by `rgb' on input line 1353.
Package xcolor Info: Model `RGB' extended on input line 1365.
Package xcolor Info: Model `HTML' substituted by `rgb' on input line 1367.
Package xcolor Info: Model `Hsb' substituted by `hsb' on input line 1368.
Package xcolor Info: Model `tHsb' substituted by `hsb' on input line 1369.
Package xcolor Info: Model `HSB' substituted by `hsb' on input line 1370.
Package xcolor Info: Model `Gray' substituted by `gray' on input line 1371.
Package xcolor Info: Model `wave' substituted by `hsb' on input line 1372.
)
(C:\Users\USUARIO.DESKTOP-KJ9DUHE.000\AppData\Local\Programs\MiKTeX\tex/generic
/pgf/basiclayer\pgfcore.code.tex
Package: pgfcore 2025-08-29 v3.1.11a (3.1.11a)

(C:\Users\USUARIO.DESKTOP-KJ9DUHE.000\AppData\Local\Programs\MiKTeX\tex/generic
/pgf/math\pgfint.code.tex)
(C:\Users\USUARIO.DESKTOP-KJ9DUHE.000\AppData\Local\Programs\MiKTeX\tex/generic
/pgf/basiclayer\pgfcorepoints.code.tex
File: pgfcorepoints.code.tex 2025-08-29 v3.1.11a (3.1.11a)
\pgf@picminx=\dimen195
\pgf@picmaxx=\dimen196
\pgf@picminy=\dimen197
\pgf@picmaxy=\dimen198
\pgf@pathminx=\dimen199
\pgf@pathmaxx=\dimen256
\pgf@pathminy=\dimen257
\pgf@pathmaxy=\dimen258
\pgf@xx=\dimen259
\pgf@xy=\dimen260
\pgf@yx=\dimen261
\pgf@yy=\dimen262
\pgf@zx=\dimen263
\pgf@zy=\dimen264
)
(C:\Users\USUARIO.DESKTOP-KJ9DUHE.000\AppData\Local\Programs\MiKTeX\tex/generic
/pgf/basiclayer\pgfcorepathconstruct.code.tex
File: pgfcorepathconstruct.code.tex 2025-08-29 v3.1.11a (3.1.11a)
\pgf@path@lastx=\dimen265
\pgf@path@lasty=\dimen266
)
(C:\Users\USUARIO.DESKTOP-KJ9DUHE.000\AppData\Local\Programs\MiKTeX\tex/generic
/pgf/basiclayer\pgfcorepathusage.code.tex
File: pgfcorepathusage.code.tex 2025-08-29 v3.1.11a (3.1.11a)
\pgf@shorten@end@additional=\dimen267
\pgf@shorten@start@additional=\dimen268
)
(C:\Users\USUARIO.DESKTOP-KJ9DUHE.000\AppData\Local\Programs\MiKTeX\tex/generic
/pgf/basiclayer\pgfcorescopes.code.tex
File: pgfcorescopes.code.tex 2025-08-29 v3.1.11a (3.1.11a)
\pgfpic=\box64
\pgf@hbox=\box65
\pgf@layerbox@main=\box66
\pgf@picture@serial@count=\count317
)
(C:\Users\USUARIO.DESKTOP-KJ9DUHE.000\AppData\Local\Programs\MiKTeX\tex/generic
/pgf/basiclayer\pgfcoregraphicstate.code.tex
File: pgfcoregraphicstate.code.tex 2025-08-29 v3.1.11a (3.1.11a)
\pgflinewidth=\dimen269
)
(C:\Users\USUARIO.DESKTOP-KJ9DUHE.000\AppData\Local\Programs\MiKTeX\tex/generic
/pgf/basiclayer\pgfcoretransformations.code.tex
File: pgfcoretransformations.code.tex 2025-08-29 v3.1.11a (3.1.11a)
\pgf@pt@x=\dimen270
\pgf@pt@y=\dimen271
\pgf@pt@temp=\dimen272
)
(C:\Users\USUARIO.DESKTOP-KJ9DUHE.000\AppData\Local\Programs\MiKTeX\tex/generic
/pgf/basiclayer\pgfcorequick.code.tex
File: pgfcorequick.code.tex 2025-08-29 v3.1.11a (3.1.11a)
)
(C:\Users\USUARIO.DESKTOP-KJ9DUHE.000\AppData\Local\Programs\MiKTeX\tex/generic
/pgf/basiclayer\pgfcoreobjects.code.tex
File: pgfcoreobjects.code.tex 2025-08-29 v3.1.11a (3.1.11a)
)
(C:\Users\USUARIO.DESKTOP-KJ9DUHE.000\AppData\Local\Programs\MiKTeX\tex/generic
/pgf/basiclayer\pgfcorepathprocessing.code.tex
File: pgfcorepathprocessing.code.tex 2025-08-29 v3.1.11a (3.1.11a)
)
(C:\Users\USUARIO.DESKTOP-KJ9DUHE.000\AppData\Local\Programs\MiKTeX\tex/generic
/pgf/basiclayer\pgfcorearrows.code.tex
File: pgfcorearrows.code.tex 2025-08-29 v3.1.11a (3.1.11a)
\pgfarrowsep=\dimen273
)
(C:\Users\USUARIO.DESKTOP-KJ9DUHE.000\AppData\Local\Programs\MiKTeX\tex/generic
/pgf/basiclayer\pgfcoreshade.code.tex
File: pgfcoreshade.code.tex 2025-08-29 v3.1.11a (3.1.11a)
\pgf@max=\dimen274
\pgf@sys@shading@range@num=\count318
\pgf@shadingcount=\count319
)
(C:\Users\USUARIO.DESKTOP-KJ9DUHE.000\AppData\Local\Programs\MiKTeX\tex/generic
/pgf/basiclayer\pgfcoreimage.code.tex
File: pgfcoreimage.code.tex 2025-08-29 v3.1.11a (3.1.11a)
)
(C:\Users\USUARIO.DESKTOP-KJ9DUHE.000\AppData\Local\Programs\MiKTeX\tex/generic
/pgf/basiclayer\pgfcoreexternal.code.tex
File: pgfcoreexternal.code.tex 2025-08-29 v3.1.11a (3.1.11a)
\pgfexternal@startupbox=\box67
)
(C:\Users\USUARIO.DESKTOP-KJ9DUHE.000\AppData\Local\Programs\MiKTeX\tex/generic
/pgf/basiclayer\pgfcorelayers.code.tex
File: pgfcorelayers.code.tex 2025-08-29 v3.1.11a (3.1.11a)
)
(C:\Users\USUARIO.DESKTOP-KJ9DUHE.000\AppData\Local\Programs\MiKTeX\tex/generic
/pgf/basiclayer\pgfcoretransparency.code.tex
File: pgfcoretransparency.code.tex 2025-08-29 v3.1.11a (3.1.11a)
)
(C:\Users\USUARIO.DESKTOP-KJ9DUHE.000\AppData\Local\Programs\MiKTeX\tex/generic
/pgf/basiclayer\pgfcorepatterns.code.tex
File: pgfcorepatterns.code.tex 2025-08-29 v3.1.11a (3.1.11a)
)
(C:\Users\USUARIO.DESKTOP-KJ9DUHE.000\AppData\Local\Programs\MiKTeX\tex/generic
/pgf/basiclayer\pgfcorerdf.code.tex
File: pgfcorerdf.code.tex 2025-08-29 v3.1.11a (3.1.11a)
)))
(C:\Users\USUARIO.DESKTOP-KJ9DUHE.000\AppData\Local\Programs\MiKTeX\tex/latex/p
gf/utilities\xxcolor.sty
Package: xxcolor 2003/10/24 ver 0.1
\XC@nummixins=\count320
\XC@countmixins=\count321
)
(C:\Users\USUARIO.DESKTOP-KJ9DUHE.000\AppData\Local\Programs\MiKTeX\tex/latex/b
ase\atbegshi-ltx.sty
Package: atbegshi-ltx 2021/01/10 v1.0c Emulation of the original atbegshi
package with kernel methods
)
(C:\Users\USUARIO.DESKTOP-KJ9DUHE.000\AppData\Local\Programs\MiKTeX\tex/latex/h
yperref\hyperref.sty
Package: hyperref 2025-07-12 v7.01o Hypertext links for LaTeX

(C:\Users\USUARIO.DESKTOP-KJ9DUHE.000\AppData\Local\Programs\MiKTeX\tex/latex/k
vsetkeys\kvsetkeys.sty
Package: kvsetkeys 2022-10-05 v1.19 Key value parser (HO)
)
(C:\Users\USUARIO.DESKTOP-KJ9DUHE.000\AppData\Local\Programs\MiKTeX\tex/generic
/kvdefinekeys\kvdefinekeys.sty
Package: kvdefinekeys 2019-12-19 v1.6 Define keys (HO)
)
(C:\Users\USUARIO.DESKTOP-KJ9DUHE.000\AppData\Local\Programs\MiKTeX\tex/generic
/pdfescape\pdfescape.sty
Package: pdfescape 2019/12/09 v1.15 Implements pdfTeX's escape features (HO)

(C:\Users\USUARIO.DESKTOP-KJ9DUHE.000\AppData\Local\Programs\MiKTeX\tex/generic
/ltxcmds\ltxcmds.sty
Package: ltxcmds 2023-12-04 v1.26 LaTeX kernel commands for general use (HO)
)
(C:\Users\USUARIO.DESKTOP-KJ9DUHE.000\AppData\Local\Programs\MiKTeX\tex/generic
/pdftexcmds\pdftexcmds.sty
Package: pdftexcmds 2020-06-27 v0.33 Utility functions of pdfTeX for LuaTeX (HO
)

(C:\Users\USUARIO.DESKTOP-KJ9DUHE.000\AppData\Local\Programs\MiKTeX\tex/generic
/infwarerr\infwarerr.sty
Package: infwarerr 2019/12/03 v1.5 Providing info/warning/error messages (HO)
)
Package pdftexcmds Info: \pdf@primitive is available.
Package pdftexcmds Info: \pdf@ifprimitive is available.
Package pdftexcmds Info: \pdfdraftmode found.
))
(C:\Users\USUARIO.DESKTOP-KJ9DUHE.000\AppData\Local\Programs\MiKTeX\tex/latex/h
ycolor\hycolor.sty
Package: hycolor 2020-01-27 v1.10 Color options for hyperref/bookmark (HO)
)
(C:\Users\USUARIO.DESKTOP-KJ9DUHE.000\AppData\Local\Programs\MiKTeX\tex/latex/h
yperref\nameref.sty
Package: nameref 2025-06-21 v2.57 Cross-referencing by name of section

(C:\Users\USUARIO.DESKTOP-KJ9DUHE.000\AppData\Local\Programs\MiKTeX\tex/latex/r
efcount\refcount.sty
Package: refcount 2019/12/15 v3.6 Data extraction from label references (HO)
)
(C:\Users\USUARIO.DESKTOP-KJ9DUHE.000\AppData\Local\Programs\MiKTeX\tex/generic
/gettitlestring\gettitlestring.sty
Package: gettitlestring 2019/12/15 v1.6 Cleanup title references (HO)

(C:\Users\USUARIO.DESKTOP-KJ9DUHE.000\AppData\Local\Programs\MiKTeX\tex/latex/k
voptions\kvoptions.sty
Package: kvoptions 2022-06-15 v3.15 Key value format for package options (HO)
))
\c@section@level=\count322
)
(C:\Users\USUARIO.DESKTOP-KJ9DUHE.000\AppData\Local\Programs\MiKTeX\tex/generic
/stringenc\stringenc.sty
Package: stringenc 2019/11/29 v1.12 Convert strings between diff. encodings (HO
)
)
\@linkdim=\dimen275
\Hy@linkcounter=\count323
\Hy@pagecounter=\count324

(C:\Users\USUARIO.DESKTOP-KJ9DUHE.000\AppData\Local\Programs\MiKTeX\tex/latex/h
yperref\pd1enc.def
File: pd1enc.def 2025-07-12 v7.01o Hyperref: PDFDocEncoding definition (HO)
Now handling font encoding PD1 ...
... no UTF-8 mapping file for font encoding PD1
)
(C:\Users\USUARIO.DESKTOP-KJ9DUHE.000\AppData\Local\Programs\MiKTeX\tex/generic
/intcalc\intcalc.sty
Package: intcalc 2019/12/15 v1.3 Expandable calculations with integers (HO)
)
\Hy@SavedSpaceFactor=\count325

(C:\Users\USUARIO.DESKTOP-KJ9DUHE.000\AppData\Local\Programs\MiKTeX\tex/latex/h
yperref\puenc.def
File: puenc.def 2025-07-12 v7.01o Hyperref: PDF Unicode definition (HO)
Now handling font encoding PU ...
... no UTF-8 mapping file for font encoding PU
)
Package hyperref Info: Option `bookmarks' set `true' on input line 4066.
Package hyperref Info: Option `bookmarksopen' set `true' on input line 4066.
Package hyperref Info: Option `implicit' set `false' on input line 4066.
Package hyperref Info: Hyper figures OFF on input line 4195.
Package hyperref Info: Link nesting OFF on input line 4200.
Package hyperref Info: Hyper index ON on input line 4203.
Package hyperref Info: Plain pages OFF on input line 4210.
Package hyperref Info: Backreferencing OFF on input line 4215.
Package hyperref Info: Implicit mode OFF; no redefinition of LaTeX internals.
Package hyperref Info: Bookmarks ON on input line 4462.
\c@Hy@tempcnt=\count326

(C:\Users\USUARIO.DESKTOP-KJ9DUHE.000\AppData\Local\Programs\MiKTeX\tex/latex/u
rl\url.sty
\Urlmuskip=\muskip17
Package: url 2013/09/16  ver 3.4  Verb mode for urls, etc.
)
LaTeX Info: Redefining \url on input line 4801.
\XeTeXLinkMargin=\dimen276

(C:\Users\USUARIO.DESKTOP-KJ9DUHE.000\AppData\Local\Programs\MiKTeX\tex/generic
/bitset\bitset.sty
Package: bitset 2019/12/09 v1.3 Handle bit-vector datatype (HO)

(C:\Users\USUARIO.DESKTOP-KJ9DUHE.000\AppData\Local\Programs\MiKTeX\tex/generic
/bigintcalc\bigintcalc.sty
Package: bigintcalc 2019/12/15 v1.5 Expandable calculations on big integers (HO
)
))
\Fld@menulength=\count327
\Field@Width=\dimen277
\Fld@charsize=\dimen278
Package hyperref Info: Hyper figures OFF on input line 6078.
Package hyperref Info: Link nesting OFF on input line 6083.
Package hyperref Info: Hyper index ON on input line 6086.
Package hyperref Info: backreferencing OFF on input line 6093.
Package hyperref Info: Link coloring OFF on input line 6098.
Package hyperref Info: Link coloring with OCG OFF on input line 6103.
Package hyperref Info: PDF/A mode OFF on input line 6108.
\Hy@abspage=\count328


Package hyperref Message: Stopped early.

)
Package hyperref Info: Driver (autodetected): hpdftex.

(C:\Users\USUARIO.DESKTOP-KJ9DUHE.000\AppData\Local\Programs\MiKTeX\tex/latex/h
yperref\hpdftex.def
File: hpdftex.def 2025-07-12 v7.01o Hyperref driver for pdfTeX
\Fld@listcount=\count329
\c@bookmark@seq@number=\count330

(C:\Users\USUARIO.DESKTOP-KJ9DUHE.000\AppData\Local\Programs\MiKTeX\tex/latex/r
erunfilecheck\rerunfilecheck.sty
Package: rerunfilecheck 2025-06-21 v1.11 Rerun checks for auxiliary files (HO)

(C:\Users\USUARIO.DESKTOP-KJ9DUHE.000\AppData\Local\Programs\MiKTeX\tex/generic
/uniquecounter\uniquecounter.sty
Package: uniquecounter 2019/12/15 v1.4 Provide unlimited unique counter (HO)
)
Package uniquecounter Info: New unique counter `rerunfilecheck' on input line 2
84.
))
(C:\Users\USUARIO.DESKTOP-KJ9DUHE.000\AppData\Local\Programs\MiKTeX\tex/latex/b
eamer\beamerbaserequires.sty
(C:\Users\USUARIO.DESKTOP-KJ9DUHE.000\AppData\Local\Programs\MiKTeX\tex/latex/b
eamer\beamerbasecompatibility.sty)
(C:\Users\USUARIO.DESKTOP-KJ9DUHE.000\AppData\Local\Programs\MiKTeX\tex/latex/b
eamer\beamerbasefont.sty
(C:\Users\USUARIO.DESKTOP-KJ9DUHE.000\AppData\Local\Programs\MiKTeX\tex/latex/a
msfonts\amssymb.sty
Package: amssymb 2013/01/14 v3.01 AMS font symbols

(C:\Users\USUARIO.DESKTOP-KJ9DUHE.000\AppData\Local\Programs\MiKTeX\tex/latex/a
msfonts\amsfonts.sty
Package: amsfonts 2013/01/14 v3.01 Basic AMSFonts support
\@emptytoks=\toks29
\symAMSa=\mathgroup4
\symAMSb=\mathgroup5
LaTeX Font Info:    Redeclaring math symbol \hbar on input line 98.
LaTeX Font Info:    Overwriting math alphabet `\mathfrak' in version `bold'
(Font)                  U/euf/m/n --> U/euf/b/n on input line 106.
))
(C:\Users\USUARIO.DESKTOP-KJ9DUHE.000\AppData\Local\Programs\MiKTeX\tex/latex/s
ansmathaccent\sansmathaccent.sty
Package: sansmathaccent 2020/01/31

(C:\Users\USUARIO.DESKTOP-KJ9DUHE.000\AppData\Local\Programs\MiKTeX\tex/latex/k
oma-script\scrlfile.sty
Package: scrlfile 2026/02/02 v3.49.2 KOMA-Script package (file load hooks)

(C:\Users\USUARIO.DESKTOP-KJ9DUHE.000\AppData\Local\Programs\MiKTeX\tex/latex/k
oma-script\scrlfile-hook.sty
Package: scrlfile-hook 2026/02/02 v3.49.2 KOMA-Script package (using LaTeX hook
s)

(C:\Users\USUARIO.DESKTOP-KJ9DUHE.000\AppData\Local\Programs\MiKTeX\tex/latex/k
oma-script\scrlogo.sty
Package: scrlogo 2026/02/02 v3.49.2 KOMA-Script package (logo)
)))))
(C:\Users\USUARIO.DESKTOP-KJ9DUHE.000\AppData\Local\Programs\MiKTeX\tex/latex/b
eamer\beamerbasetranslator.sty
(C:\Users\USUARIO.DESKTOP-KJ9DUHE.000\AppData\Local\Programs\MiKTeX\tex/latex/t
ranslator\translator.sty
Package: translator 2021-05-31 v1.12d Easy translation of strings in LaTeX
))
(C:\Users\USUARIO.DESKTOP-KJ9DUHE.000\AppData\Local\Programs\MiKTeX\tex/latex/b
eamer\beamerbasemisc.sty)
(C:\Users\USUARIO.DESKTOP-KJ9DUHE.000\AppData\Local\Programs\MiKTeX\tex/latex/b
eamer\beamerbasetwoscreens.sty)
(C:\Users\USUARIO.DESKTOP-KJ9DUHE.000\AppData\Local\Programs\MiKTeX\tex/latex/b
eamer\beamerbaseoverlay.sty
\beamer@argscount=\count331
\beamer@lastskipcover=\skip52
\beamer@trivlistdepth=\count332
)
(C:\Users\USUARIO.DESKTOP-KJ9DUHE.000\AppData\Local\Programs\MiKTeX\tex/latex/b
eamer\beamerbasetitle.sty)
(C:\Users\USUARIO.DESKTOP-KJ9DUHE.000\AppData\Local\Programs\MiKTeX\tex/latex/b
eamer\beamerbasesection.sty
\c@lecture=\count333
\c@part=\count334
\c@section=\count335
\c@subsection=\count336
\c@subsubsection=\count337
)
(C:\Users\USUARIO.DESKTOP-KJ9DUHE.000\AppData\Local\Programs\MiKTeX\tex/latex/b
eamer\beamerbaseframe.sty
\beamer@framebox=\box68
\beamer@frametitlebox=\box69
\beamer@zoombox=\box70
\beamer@zoomcount=\count338
\beamer@zoomframecount=\count339
\beamer@frametextheight=\dimen279
\c@subsectionslide=\count340
\beamer@frametopskip=\skip53
\beamer@framebottomskip=\skip54
\beamer@frametopskipautobreak=\skip55
\beamer@framebottomskipautobreak=\skip56
\beamer@envbody=\toks30
\framewidth=\dimen280
\c@framenumber=\count341
)
(C:\Users\USUARIO.DESKTOP-KJ9DUHE.000\AppData\Local\Programs\MiKTeX\tex/latex/b
eamer\beamerbaseverbatim.sty
\beamer@verbatimfileout=\write4
)
(C:\Users\USUARIO.DESKTOP-KJ9DUHE.000\AppData\Local\Programs\MiKTeX\tex/latex/b
eamer\beamerbaseframesize.sty
\beamer@splitbox=\box71
\beamer@autobreakcount=\count342
\beamer@autobreaklastheight=\dimen281
\beamer@frametitletoks=\toks31
\beamer@framesubtitletoks=\toks32
)
(C:\Users\USUARIO.DESKTOP-KJ9DUHE.000\AppData\Local\Programs\MiKTeX\tex/latex/b
eamer\beamerbaseframecomponents.sty
\beamer@colheight=\skip57
\beamer@footins=\box72
)
(C:\Users\USUARIO.DESKTOP-KJ9DUHE.000\AppData\Local\Programs\MiKTeX\tex/latex/b
eamer\beamerbasecolor.sty)
(C:\Users\USUARIO.DESKTOP-KJ9DUHE.000\AppData\Local\Programs\MiKTeX\tex/latex/b
eamer\beamerbasenotes.sty
\beamer@frameboxcopy=\box73
)
(C:\Users\USUARIO.DESKTOP-KJ9DUHE.000\AppData\Local\Programs\MiKTeX\tex/latex/b
eamer\beamerbasetoc.sty)
(C:\Users\USUARIO.DESKTOP-KJ9DUHE.000\AppData\Local\Programs\MiKTeX\tex/latex/b
eamer\beamerbasetemplates.sty
\beamer@sbttoks=\toks33

(C:\Users\USUARIO.DESKTOP-KJ9DUHE.000\AppData\Local\Programs\MiKTeX\tex/latex/b
eamer\beamerbaseauxtemplates.sty
(C:\Users\USUARIO.DESKTOP-KJ9DUHE.000\AppData\Local\Programs\MiKTeX\tex/latex/b
eamer\beamerbaseboxes.sty
\bmb@box=\box74
\bmb@colorbox=\box75
\bmb@boxwidth=\dimen282
\bmb@boxheight=\dimen283
\bmb@prevheight=\dimen284
\bmb@temp=\dimen285
\bmb@dima=\dimen286
\bmb@dimb=\dimen287
\bmb@prevheight=\dimen288
)
\beamer@blockheadheight=\dimen289
))
(C:\Users\USUARIO.DESKTOP-KJ9DUHE.000\AppData\Local\Programs\MiKTeX\tex/latex/b
eamer\beamerbaselocalstructure.sty
(C:\Users\USUARIO.DESKTOP-KJ9DUHE.000\AppData\Local\Programs\MiKTeX\tex/latex/t
ools\enumerate.sty
Package: enumerate 2023/07/04 v3.00 enumerate extensions (DPC)
\@enLab=\toks34
)
\beamer@bibiconwidth=\skip58
\c@figure=\count343
\c@table=\count344
\abovecaptionskip=\skip59
\belowcaptionskip=\skip60
)
(C:\Users\USUARIO.DESKTOP-KJ9DUHE.000\AppData\Local\Programs\MiKTeX\tex/latex/b
eamer\beamerbasenavigation.sty
(C:\Users\USUARIO.DESKTOP-KJ9DUHE.000\AppData\Local\Programs\MiKTeX\tex/latex/b
eamer\beamerbasenavigationsymbols.tex)
\beamer@section@min@dim=\dimen290
)
(C:\Users\USUARIO.DESKTOP-KJ9DUHE.000\AppData\Local\Programs\MiKTeX\tex/latex/b
eamer\beamerbasetheorems.sty
(C:\Users\USUARIO.DESKTOP-KJ9DUHE.000\AppData\Local\Programs\MiKTeX\tex/latex/a
msmath\amsmath.sty
Package: amsmath 2025/07/09 v2.17z AMS math features
\@mathmargin=\skip61

For additional information on amsmath, use the `?' option.

(C:\Users\USUARIO.DESKTOP-KJ9DUHE.000\AppData\Local\Programs\MiKTeX\tex/latex/a
msmath\amstext.sty
Package: amstext 2024/11/17 v2.01 AMS text

(C:\Users\USUARIO.DESKTOP-KJ9DUHE.000\AppData\Local\Programs\MiKTeX\tex/latex/a
msmath\amsgen.sty
File: amsgen.sty 1999/11/30 v2.0 generic functions
\@emptytoks=\toks35
\ex@=\dimen291
))
(C:\Users\USUARIO.DESKTOP-KJ9DUHE.000\AppData\Local\Programs\MiKTeX\tex/latex/a
msmath\amsbsy.sty
Package: amsbsy 1999/11/29 v1.2d Bold Symbols
\pmbraise@=\dimen292
)
(C:\Users\USUARIO.DESKTOP-KJ9DUHE.000\AppData\Local\Programs\MiKTeX\tex/latex/a
msmath\amsopn.sty
Package: amsopn 2022/04/08 v2.04 operator names
)
\inf@bad=\count345
LaTeX Info: Redefining \frac on input line 233.
\uproot@=\count346
\leftroot@=\count347
LaTeX Info: Redefining \overline on input line 398.
LaTeX Info: Redefining \colon on input line 409.
\classnum@=\count348
\DOTSCASE@=\count349
LaTeX Info: Redefining \ldots on input line 495.
LaTeX Info: Redefining \dots on input line 498.
LaTeX Info: Redefining \cdots on input line 619.
\Mathstrutbox@=\box76
\strutbox@=\box77
LaTeX Info: Redefining \big on input line 721.
LaTeX Info: Redefining \Big on input line 722.
LaTeX Info: Redefining \bigg on input line 723.
LaTeX Info: Redefining \Bigg on input line 724.
\big@size=\dimen293
LaTeX Font Info:    Redeclaring font encoding OML on input line 742.
LaTeX Font Info:    Redeclaring font encoding OMS on input line 743.
\macc@depth=\count350
LaTeX Info: Redefining \bmod on input line 904.
LaTeX Info: Redefining \pmod on input line 909.
LaTeX Info: Redefining \smash on input line 939.
LaTeX Info: Redefining \relbar on input line 969.
LaTeX Info: Redefining \Relbar on input line 970.
\c@MaxMatrixCols=\count351
\dotsspace@=\muskip18
\c@parentequation=\count352
\dspbrk@lvl=\count353
\tag@help=\toks36
\row@=\count354
\column@=\count355
\maxfields@=\count356
\andhelp@=\toks37
\eqnshift@=\dimen294
\alignsep@=\dimen295
\tagshift@=\dimen296
\tagwidth@=\dimen297
\totwidth@=\dimen298
\lineht@=\dimen299
\@envbody=\toks38
\multlinegap=\skip62
\multlinetaggap=\skip63
\mathdisplay@stack=\toks39
LaTeX Info: Redefining \[ on input line 2950.
LaTeX Info: Redefining \] on input line 2951.
)
(C:\Users\USUARIO.DESKTOP-KJ9DUHE.000\AppData\Local\Programs\MiKTeX\tex/latex/a
mscls\amsthm.sty
Package: amsthm 2020/05/29 v2.20.6
\thm@style=\toks40
\thm@bodyfont=\toks41
\thm@headfont=\toks42
\thm@notefont=\toks43
\thm@headpunct=\toks44
\thm@preskip=\skip64
\thm@postskip=\skip65
\thm@headsep=\skip66
\dth@everypar=\toks45
)
\c@theorem=\count357
)
(C:\Users\USUARIO.DESKTOP-KJ9DUHE.000\AppData\Local\Programs\MiKTeX\tex/latex/b
eamer\beamerbasethemes.sty))
(C:\Users\USUARIO.DESKTOP-KJ9DUHE.000\AppData\Local\Programs\MiKTeX\tex/latex/b
eamer\beamerthemedefault.sty
(C:\Users\USUARIO.DESKTOP-KJ9DUHE.000\AppData\Local\Programs\MiKTeX\tex/latex/b
eamer\beamerfontthemedefault.sty)
(C:\Users\USUARIO.DESKTOP-KJ9DUHE.000\AppData\Local\Programs\MiKTeX\tex/latex/b
eamer\beamercolorthemedefault.sty)
(C:\Users\USUARIO.DESKTOP-KJ9DUHE.000\AppData\Local\Programs\MiKTeX\tex/latex/b
eamer\beamerinnerthemedefault.sty
\beamer@dima=\dimen300
\beamer@dimb=\dimen301
)
(C:\Users\USUARIO.DESKTOP-KJ9DUHE.000\AppData\Local\Programs\MiKTeX\tex/latex/b
eamer\beamerouterthemedefault.sty)))
(C:\Users\USUARIO.DESKTOP-KJ9DUHE.000\AppData\Local\Programs\MiKTeX\tex/latex/b
ase\inputenc.sty
Package: inputenc 2024/02/08 v1.3d Input encoding file
\inpenc@prehook=\toks46
\inpenc@posthook=\toks47
)
(C:\Users\USUARIO.DESKTOP-KJ9DUHE.000\AppData\Local\Programs\MiKTeX\tex/generic
/babel\babel.sty
Package: babel 2025/12/11 v25.17 The multilingual framework for LuaLaTeX, pdfLa
TeX and XeLaTeX
\babel@savecnt=\count358
LaTeX Encoding Info:    Redeclaring text command \ij (encoding OT1) on input li
ne 2068.
LaTeX Encoding Info:    Redeclaring text command \IJ (encoding OT1) on input li
ne 2070.
LaTeX Encoding Info:    Redeclaring text command \ij (encoding T1) on input lin
e 2072.
LaTeX Encoding Info:    Redeclaring text command \IJ (encoding T1) on input lin
e 2073.
LaTeX Encoding Info:    Ignoring declaration for text command \ij (encoding ?) 
on input line 2074.
LaTeX Encoding Info:    Ignoring declaration for text command \IJ (encoding ?) 
on input line 2076.
LaTeX Encoding Info:    Ignoring declaration for text command \SS (encoding ?) 
on input line 2101.
\U@D=\dimen302
\l@unhyphenated=\language79

(C:\Users\USUARIO.DESKTOP-KJ9DUHE.000\AppData\Local\Programs\MiKTeX\tex/generic
/babel\txtbabel.def)
\bbl@readstream=\read3
LaTeX Info: Redefining \textlatin on input line 3963.
\bbl@dirlevel=\count359
Package babel Info: Configuration files are deprecated, as
(babel)             they can break document portability.
(babel)             Reported on input line 4196.

*************************************
* Local config file bblopts.cfg used
*

(C:\Users\USUARIO.DESKTOP-KJ9DUHE.000\AppData\Local\Programs\MiKTeX\tex/latex/a
rabi\bblopts.cfg
File: bblopts.cfg 2005/09/08 v0.1 add Arabic and Farsi to "declared" options of
 babel
)
(C:\Users\USUARIO.DESKTOP-KJ9DUHE.000\AppData\Local\Programs\MiKTeX\tex/generic
/babel/locale/es\babel-spanish.tex)
Package babel Info: Importing font and identification data for spanish
(babel)             from babel-es.ini. Reported on input line 4320.

(C:\Users\USUARIO.DESKTOP-KJ9DUHE.000\AppData\Local\Programs\MiKTeX\tex/latex/b
abel-spanish\spanish.ldf
Language: spanish.ldf 2021/05/27 v5.0q Spanish support from the babel system
\es@quottoks=\toks48
\es@quotdepth=\count360
Package babel Info: Making " an active character on input line 570.
Package babel Info: Making . an active character on input line 675.
Package babel Info: Making < an active character on input line 722.
Package babel Info: Making > an active character on input line 722.
))
LaTeX Encoding Info:    Redeclaring text command \guillemotleft (encoding OT1) 
on input line 6.
LaTeX Encoding Info:    Redeclaring text command \guillemotright (encoding OT1)
 on input line 6.

(C:\Users\USUARIO.DESKTOP-KJ9DUHE.000\AppData\Local\Programs\MiKTeX\tex/latex/b
ooktabs\booktabs.sty
Package: booktabs 2020/01/12 v1.61803398 Publication quality tables
\heavyrulewidth=\dimen303
\lightrulewidth=\dimen304
\cmidrulewidth=\dimen305
\belowrulesep=\dimen306
\belowbottomsep=\dimen307
\aboverulesep=\dimen308
\abovetopsep=\dimen309
\cmidrulesep=\dimen310
\cmidrulekern=\dimen311
\defaultaddspace=\dimen312
\@cmidla=\count361
\@cmidlb=\count362
\@aboverulesep=\dimen313
\@belowrulesep=\dimen314
\@thisruleclass=\count363
\@lastruleclass=\count364
\@thisrulewidth=\dimen315
)
(C:\Users\USUARIO.DESKTOP-KJ9DUHE.000\AppData\Local\Programs\MiKTeX\tex/latex/m
ultirow\multirow.sty
Package: multirow 2024/11/12 v2.9 Span multiple rows of a table
\multirow@colwidth=\skip67
\multirow@cntb=\count365
\multirow@dima=\skip68
\bigstrutjot=\dimen316
)
(C:\Users\USUARIO.DESKTOP-KJ9DUHE.000\AppData\Local\Programs\MiKTeX\tex/latex/c
olortbl\colortbl.sty
Package: colortbl 2026/05/01 v1.0l Color table columns (DPC)

(C:\Users\USUARIO.DESKTOP-KJ9DUHE.000\AppData\Local\Programs\MiKTeX\tex/latex/t
ools\array.sty
Package: array 2025/09/25 v2.6n Tabular extension package (FMi)
\col@sep=\dimen317
\ar@mcellbox=\box78
\extrarowheight=\dimen318
\NC@list=\toks49
\extratabsurround=\skip69
\backup@length=\skip70
\ar@cellbox=\box79
)
\everycr=\toks50
\minrowclearance=\skip71
\rownum=\count366
)
(C:\Users\USUARIO.DESKTOP-KJ9DUHE.000\AppData\Local\Programs\MiKTeX\tex/latex/a
djustbox\adjustbox.sty
Package: adjustbox 2025/02/26 v1.3c Adjusting TeX boxes (trim, clip, ...)

(C:\Users\USUARIO.DESKTOP-KJ9DUHE.000\AppData\Local\Programs\MiKTeX\tex/latex/x
keyval\xkeyval.sty
Package: xkeyval 2022/06/16 v2.9 package option processing (HA)

(C:\Users\USUARIO.DESKTOP-KJ9DUHE.000\AppData\Local\Programs\MiKTeX\tex/generic
/xkeyval\xkeyval.tex
(C:\Users\USUARIO.DESKTOP-KJ9DUHE.000\AppData\Local\Programs\MiKTeX\tex/generic
/xkeyval\xkvutils.tex
\XKV@toks=\toks51
\XKV@tempa@toks=\toks52
)
\XKV@depth=\count367
File: xkeyval.tex 2014/12/03 v2.7a key=value parser (HA)
))
(C:\Users\USUARIO.DESKTOP-KJ9DUHE.000\AppData\Local\Programs\MiKTeX\tex/latex/a
djustbox\adjcalc.sty
Package: adjcalc 2012/05/16 v1.1 Provides advanced setlength with multiple back
-ends (calc, etex, pgfmath)
)
(C:\Users\USUARIO.DESKTOP-KJ9DUHE.000\AppData\Local\Programs\MiKTeX\tex/latex/a
djustbox\trimclip.sty
Package: trimclip 2025/02/21 v1.2a Trim and clip general TeX material

(C:\Users\USUARIO.DESKTOP-KJ9DUHE.000\AppData\Local\Programs\MiKTeX\tex/latex/c
ollectbox\collectbox.sty
Package: collectbox 2022/10/17 v0.4c Collect macro arguments as boxes
\collectedbox=\box80
)
\tc@llx=\dimen319
\tc@lly=\dimen320
\tc@urx=\dimen321
\tc@ury=\dimen322
Package trimclip Info: Using driver 'tc-pdftex.def'.

(C:\Users\USUARIO.DESKTOP-KJ9DUHE.000\AppData\Local\Programs\MiKTeX\tex/latex/a
djustbox\tc-pdftex.def
File: tc-pdftex.def 2025/02/26 v2.3 Clipping driver for pdftex
))
\adjbox@Width=\dimen323
\adjbox@Height=\dimen324
\adjbox@Depth=\dimen325
\adjbox@Totalheight=\dimen326
\adjbox@pwidth=\dimen327
\adjbox@pheight=\dimen328
\adjbox@pdepth=\dimen329
\adjbox@ptotalheight=\dimen330

(C:\Users\USUARIO.DESKTOP-KJ9DUHE.000\AppData\Local\Programs\MiKTeX\tex/latex/i
foddpage\ifoddpage.sty
Package: ifoddpage 2022/10/18 v1.2 Conditionals for odd/even page detection
\c@checkoddpage=\count368
)
(C:\Users\USUARIO.DESKTOP-KJ9DUHE.000\AppData\Local\Programs\MiKTeX\tex/latex/v
arwidth\varwidth.sty
Package: varwidth 2009/03/30 ver 0.92;  Variable-width minipages
\@vwid@box=\box81
\sift@deathcycles=\count369
\@vwid@loff=\dimen331
\@vwid@roff=\dimen332
)
==> First Aid for varwidth.sty applied!
)
(C:\Users\USUARIO.DESKTOP-KJ9DUHE.000\AppData\Local\Programs\MiKTeX\tex/latex/p
gf/frontendlayer\tikz.sty
(C:\Users\USUARIO.DESKTOP-KJ9DUHE.000\AppData\Local\Programs\MiKTeX\tex/latex/p
gf/basiclayer\pgf.sty
Package: pgf 2025-08-29 v3.1.11a (3.1.11a)

(C:\Users\USUARIO.DESKTOP-KJ9DUHE.000\AppData\Local\Programs\MiKTeX\tex/generic
/pgf/modules\pgfmoduleshapes.code.tex
File: pgfmoduleshapes.code.tex 2025-08-29 v3.1.11a (3.1.11a)
\pgfnodeparttextbox=\box82
)
(C:\Users\USUARIO.DESKTOP-KJ9DUHE.000\AppData\Local\Programs\MiKTeX\tex/generic
/pgf/modules\pgfmoduleplot.code.tex
File: pgfmoduleplot.code.tex 2025-08-29 v3.1.11a (3.1.11a)
)
(C:\Users\USUARIO.DESKTOP-KJ9DUHE.000\AppData\Local\Programs\MiKTeX\tex/latex/p
gf/compatibility\pgfcomp-version-0-65.sty
Package: pgfcomp-version-0-65 2025-08-29 v3.1.11a (3.1.11a)
\pgf@nodesepstart=\dimen333
\pgf@nodesepend=\dimen334
)
(C:\Users\USUARIO.DESKTOP-KJ9DUHE.000\AppData\Local\Programs\MiKTeX\tex/latex/p
gf/compatibility\pgfcomp-version-1-18.sty
Package: pgfcomp-version-1-18 2025-08-29 v3.1.11a (3.1.11a)
))
(C:\Users\USUARIO.DESKTOP-KJ9DUHE.000\AppData\Local\Programs\MiKTeX\tex/latex/p
gf/utilities\pgffor.sty
(C:\Users\USUARIO.DESKTOP-KJ9DUHE.000\AppData\Local\Programs\MiKTeX\tex/generic
/pgf/utilities\pgffor.code.tex
Package: pgffor 2025-08-29 v3.1.11a (3.1.11a)
\pgffor@iter=\dimen335
\pgffor@skip=\dimen336
\pgffor@stack=\toks53
\pgffor@toks=\toks54
))
(C:\Users\USUARIO.DESKTOP-KJ9DUHE.000\AppData\Local\Programs\MiKTeX\tex/generic
/pgf/frontendlayer/tikz\tikz.code.tex
Package: tikz 2025-08-29 v3.1.11a (3.1.11a)

(C:\Users\USUARIO.DESKTOP-KJ9DUHE.000\AppData\Local\Programs\MiKTeX\tex/generic
/pgf/libraries\pgflibraryplothandlers.code.tex
File: pgflibraryplothandlers.code.tex 2025-08-29 v3.1.11a (3.1.11a)
\pgf@plot@mark@count=\count370
\pgfplotmarksize=\dimen337
)
\tikz@lastx=\dimen338
\tikz@lasty=\dimen339
\tikz@lastxsaved=\dimen340
\tikz@lastysaved=\dimen341
\tikz@lastmovetox=\dimen342
\tikz@lastmovetoy=\dimen343
\tikzleveldistance=\dimen344
\tikzsiblingdistance=\dimen345
\tikz@figbox=\box83
\tikz@figbox@bg=\box84
\tikz@tempbox=\box85
\tikz@tempbox@bg=\box86
\tikztreelevel=\count371
\tikznumberofchildren=\count372
\tikznumberofcurrentchild=\count373
\tikz@fig@count=\count374

(C:\Users\USUARIO.DESKTOP-KJ9DUHE.000\AppData\Local\Programs\MiKTeX\tex/generic
/pgf/modules\pgfmodulematrix.code.tex
File: pgfmodulematrix.code.tex 2025-08-29 v3.1.11a (3.1.11a)
\pgfmatrixcurrentrow=\count375
\pgfmatrixcurrentcolumn=\count376
\pgf@matrix@numberofcolumns=\count377
)
\tikz@expandcount=\count378

(C:\Users\USUARIO.DESKTOP-KJ9DUHE.000\AppData\Local\Programs\MiKTeX\tex/generic
/pgf/frontendlayer/tikz/libraries\tikzlibrarytopaths.code.tex
File: tikzlibrarytopaths.code.tex 2025-08-29 v3.1.11a (3.1.11a)
)))
(C:\Users\USUARIO.DESKTOP-KJ9DUHE.000\AppData\Local\Programs\MiKTeX\tex/latex/m
akecell\makecell.sty
Package: makecell 2009/08/03 V0.1e Managing of Tab Column Heads and Cells
\rotheadsize=\dimen346
\c@nlinenum=\count379
\TeXr@lab=\toks55
)
(C:\Users\USUARIO.DESKTOP-KJ9DUHE.000\AppData\Local\Programs\MiKTeX\tex/latex/l
3backend\l3backend-pdftex.def
File: l3backend-pdftex.def 2025-10-09 L3 backend support: PDF output (pdfTeX)
\l__color_backend_stack_int=\count380
) (main.aux
LaTeX Info: Redefining \. on input line 12.
LaTeX Info: Redefining \% on input line 12.
Package babel Info: 'spanish' activates 'spanish' shorthands.
(babel)             Reported on input line 12.
)
\openout1 = `main.aux'.

LaTeX Font Info:    Checking defaults for OML/cmm/m/it on input line 45.
LaTeX Font Info:    ... okay on input line 45.
LaTeX Font Info:    Checking defaults for OMS/cmsy/m/n on input line 45.
LaTeX Font Info:    ... okay on input line 45.
LaTeX Font Info:    Checking defaults for OT1/cmr/m/n on input line 45.
LaTeX Font Info:    ... okay on input line 45.
LaTeX Font Info:    Checking defaults for T1/cmr/m/n on input line 45.
LaTeX Font Info:    ... okay on input line 45.
LaTeX Font Info:    Checking defaults for TS1/cmr/m/n on input line 45.
LaTeX Font Info:    ... okay on input line 45.
LaTeX Font Info:    Checking defaults for OMX/cmex/m/n on input line 45.
LaTeX Font Info:    ... okay on input line 45.
LaTeX Font Info:    Checking defaults for U/cmr/m/n on input line 45.
LaTeX Font Info:    ... okay on input line 45.
LaTeX Font Info:    Checking defaults for PD1/pdf/m/n on input line 45.
LaTeX Font Info:    ... okay on input line 45.
LaTeX Font Info:    Checking defaults for PU/pdf/m/n on input line 45.
LaTeX Font Info:    ... okay on input line 45.

*geometry* driver: auto-detecting
*geometry* detected driver: pdftex
*geometry* verbose mode - [ preamble ] result:
* driver: pdftex
* paper: custom
* layout: <same size as paper>
* layoutoffset:(h,v)=(0.0pt,0.0pt)
* modes: includehead includefoot 
* h-part:(L,W,R)=(28.45274pt, 398.3386pt, 28.45274pt)
* v-part:(T,H,B)=(0.0pt, 256.0748pt, 0.0pt)
* \paperwidth=455.24408pt
* \paperheight=256.0748pt
* \textwidth=398.3386pt
* \textheight=227.62207pt
* \oddsidemargin=-43.81725pt
* \evensidemargin=-43.81725pt
* \topmargin=-72.26999pt
* \headheight=14.22636pt
* \headsep=0.0pt
* \topskip=11.0pt
* \footskip=14.22636pt
* \marginparwidth=4.0pt
* \marginparsep=10.0pt
* \columnsep=10.0pt
* \skip\footins=10.0pt plus 4.0pt minus 2.0pt
* \hoffset=0.0pt
* \voffset=0.0pt
* \mag=1000
* \@twocolumnfalse
* \@twosidefalse
* \@mparswitchfalse
* \@reversemarginfalse
* (1in=72.27pt=25.4mm, 1cm=28.453pt)


(C:\Users\USUARIO.DESKTOP-KJ9DUHE.000\AppData\Local\Programs\MiKTeX\tex/context
/base/mkii\supp-pdf.mkii
[Loading MPS to PDF converter (version 2006.09.02).]
\scratchcounter=\count381
\scratchdimen=\dimen347
\scratchbox=\box87
\nofMPsegments=\count382
\nofMParguments=\count383
\everyMPshowfont=\toks56
\MPscratchCnt=\count384
\MPscratchDim=\dimen348
\MPnumerator=\count385
\makeMPintoPDFobject=\count386
\everyMPtoPDFconversion=\toks57
)
(C:\Users\USUARIO.DESKTOP-KJ9DUHE.000\AppData\Local\Programs\MiKTeX\tex/latex/e
pstopdf-pkg\epstopdf-base.sty
Package: epstopdf-base 2020-01-24 v2.11 Base part for package epstopdf
Package epstopdf-base Info: Redefining graphics rule for `.eps' on input line 4
85.

(C:\Users\USUARIO.DESKTOP-KJ9DUHE.000\AppData\Local\Programs\MiKTeX\tex/latex/0
0miktex\epstopdf-sys.cfg
File: epstopdf-sys.cfg 2021/03/18 v2.0 Configuration of epstopdf for MiKTeX
))
Package hyperref Info: Link coloring OFF on input line 45.
 (main.out) (main.out)
\@outlinefile=\write5
\openout5 = `main.out'.

LaTeX Font Info:    Overwriting symbol font `operators' in version `normal'
(Font)                  OT1/cmr/m/n --> OT1/cmss/m/n on input line 45.
LaTeX Font Info:    Overwriting symbol font `operators' in version `bold'
(Font)                  OT1/cmr/bx/n --> OT1/cmss/b/n on input line 45.
\symnumbers=\mathgroup6
\sympureletters=\mathgroup7
LaTeX Font Info:    Overwriting math alphabet `\mathrm' in version `normal'
(Font)                  OT1/cmss/m/n --> OT1/cmr/m/n on input line 45.
LaTeX Font Info:    Redeclaring math alphabet \mathbf on input line 45.
LaTeX Font Info:    Overwriting math alphabet `\mathbf' in version `normal'
(Font)                  OT1/cmr/bx/n --> OT1/cmss/b/n on input line 45.
LaTeX Font Info:    Overwriting math alphabet `\mathbf' in version `bold'
(Font)                  OT1/cmr/bx/n --> OT1/cmss/b/n on input line 45.
LaTeX Font Info:    Redeclaring math alphabet \mathsf on input line 45.
LaTeX Font Info:    Overwriting math alphabet `\mathsf' in version `normal'
(Font)                  OT1/cmss/m/n --> OT1/cmss/m/n on input line 45.
LaTeX Font Info:    Overwriting math alphabet `\mathsf' in version `bold'
(Font)                  OT1/cmss/bx/n --> OT1/cmss/m/n on input line 45.
LaTeX Font Info:    Redeclaring math alphabet \mathit on input line 45.
LaTeX Font Info:    Overwriting math alphabet `\mathit' in version `normal'
(Font)                  OT1/cmr/m/it --> OT1/cmss/m/it on input line 45.
LaTeX Font Info:    Overwriting math alphabet `\mathit' in version `bold'
(Font)                  OT1/cmr/bx/it --> OT1/cmss/m/it on input line 45.
LaTeX Font Info:    Redeclaring math alphabet \mathtt on input line 45.
LaTeX Font Info:    Overwriting math alphabet `\mathtt' in version `normal'
(Font)                  OT1/cmtt/m/n --> OT1/cmtt/m/n on input line 45.
LaTeX Font Info:    Overwriting math alphabet `\mathtt' in version `bold'
(Font)                  OT1/cmtt/m/n --> OT1/cmtt/m/n on input line 45.
LaTeX Font Info:    Overwriting symbol font `numbers' in version `bold'
(Font)                  OT1/cmss/m/n --> OT1/cmss/b/n on input line 45.
LaTeX Font Info:    Overwriting symbol font `pureletters' in version `bold'
(Font)                  OT1/cmss/m/it --> OT1/cmss/b/it on input line 45.
LaTeX Font Info:    Overwriting math alphabet `\mathrm' in version `bold'
(Font)                  OT1/cmss/b/n --> OT1/cmr/b/n on input line 45.
LaTeX Font Info:    Overwriting math alphabet `\mathbf' in version `bold'
(Font)                  OT1/cmss/b/n --> OT1/cmss/b/n on input line 45.
LaTeX Font Info:    Overwriting math alphabet `\mathsf' in version `bold'
(Font)                  OT1/cmss/m/n --> OT1/cmss/b/n on input line 45.
LaTeX Font Info:    Overwriting math alphabet `\mathit' in version `bold'
(Font)                  OT1/cmss/m/it --> OT1/cmss/b/it on input line 45.
LaTeX Font Info:    Overwriting math alphabet `\mathtt' in version `bold'
(Font)                  OT1/cmtt/m/n --> OT1/cmtt/b/n on input line 45.
LaTeX Font Info:    Redeclaring symbol font `pureletters' on input line 45.
LaTeX Font Info:    Overwriting symbol font `pureletters' in version `normal'
(Font)                  OT1/cmss/m/it --> OT1/mathkerncmss/m/sl on input line 4
5.
LaTeX Font Info:    Overwriting symbol font `pureletters' in version `bold'
(Font)                  OT1/cmss/b/it --> OT1/mathkerncmss/m/sl on input line 4
5.
LaTeX Font Info:    Overwriting symbol font `pureletters' in version `bold'
(Font)                  OT1/mathkerncmss/m/sl --> OT1/mathkerncmss/bx/sl on inp
ut line 45.

(C:\Users\USUARIO.DESKTOP-KJ9DUHE.000\AppData\Local\Programs\MiKTeX\tex/latex/t
ranslator\translator-basic-dictionary-English.dict
Dictionary: translator-basic-dictionary, Language: English 
)
(C:\Users\USUARIO.DESKTOP-KJ9DUHE.000\AppData\Local\Programs\MiKTeX\tex/latex/t
ranslator\translator-bibliography-dictionary-English.dict
Dictionary: translator-bibliography-dictionary, Language: English 
)
(C:\Users\USUARIO.DESKTOP-KJ9DUHE.000\AppData\Local\Programs\MiKTeX\tex/latex/t
ranslator\translator-environment-dictionary-English.dict
Dictionary: translator-environment-dictionary, Language: English 
)
(C:\Users\USUARIO.DESKTOP-KJ9DUHE.000\AppData\Local\Programs\MiKTeX\tex/latex/t
ranslator\translator-months-dictionary-English.dict
Dictionary: translator-months-dictionary, Language: English 
)
(C:\Users\USUARIO.DESKTOP-KJ9DUHE.000\AppData\Local\Programs\MiKTeX\tex/latex/t
ranslator\translator-numbers-dictionary-English.dict
Dictionary: translator-numbers-dictionary, Language: English 
)
(C:\Users\USUARIO.DESKTOP-KJ9DUHE.000\AppData\Local\Programs\MiKTeX\tex/latex/t
ranslator\translator-theorem-dictionary-English.dict
Dictionary: translator-theorem-dictionary, Language: English 
)
LaTeX Info: Redefining \. on input line 45.
LaTeX Info: Redefining \% on input line 45.
 (main.nav) [1

{C:/Users/USUARIO.DESKTOP-KJ9DUHE.000/AppData/Local/MiKTeX/fonts/map/pdftex/pdf
tex.map}]
LaTeX Font Info:    Trying to load font information for U+msa on input line 93.


(C:\Users\USUARIO.DESKTOP-KJ9DUHE.000\AppData\Local\Programs\MiKTeX\tex/latex/a
msfonts\umsa.fd
File: umsa.fd 2013/01/14 v3.01 AMS symbols A
)
LaTeX Font Info:    Trying to load font information for U+msb on input line 93.


(C:\Users\USUARIO.DESKTOP-KJ9DUHE.000\AppData\Local\Programs\MiKTeX\tex/latex/a
msfonts\umsb.fd
File: umsb.fd 2013/01/14 v3.01 AMS symbols B
)
LaTeX Font Info:    Trying to load font information for OT1+mathkerncmss on inp
ut line 93.

(C:\Users\USUARIO.DESKTOP-KJ9DUHE.000\AppData\Local\Programs\MiKTeX\tex/latex/s
ansmathaccent\ot1mathkerncmss.fd
File: ot1mathkerncmss.fd 2020/01/31 Fontinst v1.933 font definitions for OT1/ma
thkerncmss.
) [2

]
<Graphs/Boxplot_Jitter_B1_Matemática.png, id=30, 860.7357pt x 1171.0149pt>
File: Graphs/Boxplot_Jitter_B1_Matemática.png Graphic file (type png)
<use Graphs/Boxplot_Jitter_B1_Matemática.png>
Package pdftex.def Info: Graphs/Boxplot_Jitter_B1_Matemática.png  used on inpu
t line 111.
(pdftex.def)             Requested size: 157.61815pt x 214.43657pt.
<Graphs/Boxplot_Jitter_B1_Lengua.png, id=32, 860.7357pt x 1171.0149pt>
File: Graphs/Boxplot_Jitter_B1_Lengua.png Graphic file (type png)
<use Graphs/Boxplot_Jitter_B1_Lengua.png>
Package pdftex.def Info: Graphs/Boxplot_Jitter_B1_Lengua.png  used on input lin
e 111.
(pdftex.def)             Requested size: 157.61815pt x 214.43657pt.

Overfull \vbox (2.17117pt too high) detected at line 111
 []

[3

 <./Graphs/Boxplot_Jitter_B1_Matemática.png> <./Graphs/Boxplot_Jitter_B1_Lengu
a.png>]
<Graphs/Barras_B1_Lengua_4_Grado.png, id=40, 784.8522pt x 819.3009pt>
File: Graphs/Barras_B1_Lengua_4_Grado.png Graphic file (type png)
<use Graphs/Barras_B1_Lengua_4_Grado.png>
Package pdftex.def Info: Graphs/Barras_B1_Lengua_4_Grado.png  used on input lin
e 132.
(pdftex.def)             Requested size: 131.45245pt x 137.21655pt.
<Graphs/Barras_B1_Lengua_5_Grado.png, id=41, 784.8522pt x 819.3009pt>
File: Graphs/Barras_B1_Lengua_5_Grado.png Graphic file (type png)
<use Graphs/Barras_B1_Lengua_5_Grado.png>
Package pdftex.def Info: Graphs/Barras_B1_Lengua_5_Grado.png  used on input lin
e 132.
(pdftex.def)             Requested size: 131.45245pt x 137.21655pt.
<Graphs/Barras_B1_Lengua_6_Grado.png, id=42, 784.8522pt x 819.3009pt>
File: Graphs/Barras_B1_Lengua_6_Grado.png Graphic file (type png)
<use Graphs/Barras_B1_Lengua_6_Grado.png>
Package pdftex.def Info: Graphs/Barras_B1_Lengua_6_Grado.png  used on input lin
e 132.
(pdftex.def)             Requested size: 131.45245pt x 137.21655pt.
 [4

 <./Graphs/Barras_B1_Lengua_4_Grado.png> <./Graphs/Barras_B1_Lengua_5_Grado.png
> <./Graphs/Barras_B1_Lengua_6_Grado.png>]
<Graphs/Barras_B1_Lengua_7_Grado.png, id=52, 784.8522pt x 819.3009pt>
File: Graphs/Barras_B1_Lengua_7_Grado.png Graphic file (type png)
<use Graphs/Barras_B1_Lengua_7_Grado.png>
Package pdftex.def Info: Graphs/Barras_B1_Lengua_7_Grado.png  used on input lin
e 153.
(pdftex.def)             Requested size: 131.45245pt x 137.21655pt.
<Graphs/Barras_B1_Lengua_8_Grado.png, id=53, 784.8522pt x 819.3009pt>
File: Graphs/Barras_B1_Lengua_8_Grado.png Graphic file (type png)
<use Graphs/Barras_B1_Lengua_8_Grado.png>
Package pdftex.def Info: Graphs/Barras_B1_Lengua_8_Grado.png  used on input lin
e 153.
(pdftex.def)             Requested size: 131.45245pt x 137.21655pt.
<Graphs/Barras_B1_Lengua_9_Grado.png, id=54, 784.8522pt x 819.3009pt>
File: Graphs/Barras_B1_Lengua_9_Grado.png Graphic file (type png)
<use Graphs/Barras_B1_Lengua_9_Grado.png>
Package pdftex.def Info: Graphs/Barras_B1_Lengua_9_Grado.png  used on input lin
e 153.
(pdftex.def)             Requested size: 131.45245pt x 137.21655pt.
 [5

 <./Graphs/Barras_B1_Lengua_7_Grado.png> <./Graphs/Barras_B1_Lengua_8_Grado.png
> <./Graphs/Barras_B1_Lengua_9_Grado.png>]
<Graphs/Barras_B1_Lengua_10_Grado.png, id=63, 784.8522pt x 819.3009pt>
File: Graphs/Barras_B1_Lengua_10_Grado.png Graphic file (type png)
<use Graphs/Barras_B1_Lengua_10_Grado.png>
Package pdftex.def Info: Graphs/Barras_B1_Lengua_10_Grado.png  used on input li
ne 170.
(pdftex.def)             Requested size: 199.1693pt x 207.9126pt.
<Graphs/Barras_B1_Lengua_11_Grado.png, id=64, 784.8522pt x 819.3009pt>
File: Graphs/Barras_B1_Lengua_11_Grado.png Graphic file (type png)
<use Graphs/Barras_B1_Lengua_11_Grado.png>
Package pdftex.def Info: Graphs/Barras_B1_Lengua_11_Grado.png  used on input li
ne 170.
(pdftex.def)             Requested size: 199.1693pt x 207.9126pt.
 [6

 <./Graphs/Barras_B1_Lengua_10_Grado.png> <./Graphs/Barras_B1_Lengua_11_Grado.p
ng>]
<Graphs/Barras_B1_Matematica_2_Grado.png, id=72, 784.8522pt x 819.3009pt>
File: Graphs/Barras_B1_Matematica_2_Grado.png Graphic file (type png)
<use Graphs/Barras_B1_Matematica_2_Grado.png>
Package pdftex.def Info: Graphs/Barras_B1_Matematica_2_Grado.png  used on input
 line 188.
(pdftex.def)             Requested size: 199.1693pt x 207.9126pt.
<Graphs/Barras_B1_Matematica_3_Grado.png, id=73, 784.8522pt x 819.3009pt>
File: Graphs/Barras_B1_Matematica_3_Grado.png Graphic file (type png)
<use Graphs/Barras_B1_Matematica_3_Grado.png>
Package pdftex.def Info: Graphs/Barras_B1_Matematica_3_Grado.png  used on input
 line 188.
(pdftex.def)             Requested size: 199.1693pt x 207.9126pt.
 [7

 <./Graphs/Barras_B1_Matematica_2_Grado.png> <./Graphs/Barras_B1_Matematica_3_G
rado.png>]
<Graphs/Barras_B1_Matematica_4_Grado.png, id=82, 784.8522pt x 819.3009pt>
File: Graphs/Barras_B1_Matematica_4_Grado.png Graphic file (type png)
<use Graphs/Barras_B1_Matematica_4_Grado.png>
Package pdftex.def Info: Graphs/Barras_B1_Matematica_4_Grado.png  used on input
 line 209.
(pdftex.def)             Requested size: 131.45245pt x 137.21655pt.
<Graphs/Barras_B1_Matematica_5_Grado.png, id=83, 784.8522pt x 819.3009pt>
File: Graphs/Barras_B1_Matematica_5_Grado.png Graphic file (type png)
<use Graphs/Barras_B1_Matematica_5_Grado.png>
Package pdftex.def Info: Graphs/Barras_B1_Matematica_5_Grado.png  used on input
 line 209.
(pdftex.def)             Requested size: 131.45245pt x 137.21655pt.
<Graphs/Barras_B1_Matematica_6_Grado.png, id=84, 784.8522pt x 819.3009pt>
File: Graphs/Barras_B1_Matematica_6_Grado.png Graphic file (type png)
<use Graphs/Barras_B1_Matematica_6_Grado.png>
Package pdftex.def Info: Graphs/Barras_B1_Matematica_6_Grado.png  used on input
 line 209.
(pdftex.def)             Requested size: 131.45245pt x 137.21655pt.
 [8

 <./Graphs/Barras_B1_Matematica_4_Grado.png> <./Graphs/Barras_B1_Matematica_5_G
rado.png> <./Graphs/Barras_B1_Matematica_6_Grado.png>]
<Graphs/Barras_B1_Matematica_7_Grado.png, id=93, 784.8522pt x 819.3009pt>
File: Graphs/Barras_B1_Matematica_7_Grado.png Graphic file (type png)
<use Graphs/Barras_B1_Matematica_7_Grado.png>
Package pdftex.def Info: Graphs/Barras_B1_Matematica_7_Grado.png  used on input
 line 230.
(pdftex.def)             Requested size: 131.45245pt x 137.21655pt.
<Graphs/Barras_B1_Matematica_8_Grado.png, id=94, 784.8522pt x 819.3009pt>
File: Graphs/Barras_B1_Matematica_8_Grado.png Graphic file (type png)
<use Graphs/Barras_B1_Matematica_8_Grado.png>
Package pdftex.def Info: Graphs/Barras_B1_Matematica_8_Grado.png  used on input
 line 230.
(pdftex.def)             Requested size: 131.45245pt x 137.21655pt.
<Graphs/Barras_B1_Matematica_9_Grado.png, id=95, 784.8522pt x 819.3009pt>
File: Graphs/Barras_B1_Matematica_9_Grado.png Graphic file (type png)
<use Graphs/Barras_B1_Matematica_9_Grado.png>
Package pdftex.def Info: Graphs/Barras_B1_Matematica_9_Grado.png  used on input
 line 230.
(pdftex.def)             Requested size: 131.45245pt x 137.21655pt.
 [9

 <./Graphs/Barras_B1_Matematica_7_Grado.png> <./Graphs/Barras_B1_Matematica_8_G
rado.png> <./Graphs/Barras_B1_Matematica_9_Grado.png>]
<Graphs/Barras_B1_Matematica_10_Grado.png, id=104, 784.8522pt x 819.3009pt>
File: Graphs/Barras_B1_Matematica_10_Grado.png Graphic file (type png)
<use Graphs/Barras_B1_Matematica_10_Grado.png>
Package pdftex.def Info: Graphs/Barras_B1_Matematica_10_Grado.png  used on inpu
t line 247.
(pdftex.def)             Requested size: 199.1693pt x 207.9126pt.
<Graphs/Barras_B1_Matematica_11_Grado.png, id=105, 784.8522pt x 819.3009pt>
File: Graphs/Barras_B1_Matematica_11_Grado.png Graphic file (type png)
<use Graphs/Barras_B1_Matematica_11_Grado.png>
Package pdftex.def Info: Graphs/Barras_B1_Matematica_11_Grado.png  used on inpu
t line 247.
(pdftex.def)             Requested size: 199.1693pt x 207.9126pt.

[10

 <./Graphs/Barras_B1_Matematica_10_Grado.png> <./Graphs/Barras_B1_Matematica_11
_Grado.png>]
<Graphs/Boxplot_Jitter_B2_Matemática.png, id=113, 860.7357pt x 587.0733pt>
File: Graphs/Boxplot_Jitter_B2_Matemática.png Graphic file (type png)
<use Graphs/Boxplot_Jitter_B2_Matemática.png>
Package pdftex.def Info: Graphs/Boxplot_Jitter_B2_Matemática.png  used on inpu
t line 264.
(pdftex.def)             Requested size: 199.1693pt x 135.83919pt.
<Graphs/Boxplot_Jitter_B2_Lengua.png, id=114, 860.7357pt x 587.0733pt>
File: Graphs/Boxplot_Jitter_B2_Lengua.png Graphic file (type png)
<use Graphs/Boxplot_Jitter_B2_Lengua.png>
Package pdftex.def Info: Graphs/Boxplot_Jitter_B2_Lengua.png  used on input lin
e 264.
(pdftex.def)             Requested size: 199.1693pt x 135.83919pt.
 [11

 <./Graphs/Boxplot_Jitter_B2_Matemática.png> <./Graphs/Boxplot_Jitter_B2_Lengu
a.png>]
<Graphs/Sankey_Evolutivo_B1_Matemática.png, id=122, 2810.5pt x 1204.5pt>
File: Graphs/Sankey_Evolutivo_B1_Matemática.png Graphic file (type png)
<use Graphs/Sankey_Evolutivo_B1_Matemática.png>
Package pdftex.def Info: Graphs/Sankey_Evolutivo_B1_Matemática.png  used on in
put line 272.
(pdftex.def)             Requested size: 398.3386pt x 170.70569pt.
 [12

 <./Graphs/Sankey_Evolutivo_B1_Matemática.png>]
<Graphs/Sankey_Evolutivo_B1_Lengua.png, id=129, 2810.5pt x 1204.5pt>
File: Graphs/Sankey_Evolutivo_B1_Lengua.png Graphic file (type png)
<use Graphs/Sankey_Evolutivo_B1_Lengua.png>
Package pdftex.def Info: Graphs/Sankey_Evolutivo_B1_Lengua.png  used on input l
ine 280.
(pdftex.def)             Requested size: 398.3386pt x 170.70569pt.

[13

 <./Graphs/Sankey_Evolutivo_B1_Lengua.png>]
<Graphs/Sankey_Evolutivo_B2_Matemática.png, id=137, 2208.25pt x 1204.5pt>
File: Graphs/Sankey_Evolutivo_B2_Matemática.png Graphic file (type png)
<use Graphs/Sankey_Evolutivo_B2_Matemática.png>
Package pdftex.def Info: Graphs/Sankey_Evolutivo_B2_Matemática.png  used on in
put line 288.
(pdftex.def)             Requested size: 398.3386pt x 217.26012pt.

Overfull \vbox (4.99472pt too high) detected at line 288
 []

[14

 <./Graphs/Sankey_Evolutivo_B2_Matemática.png>]
<Graphs/Sankey_Evolutivo_B2_Lengua.png, id=144, 2208.25pt x 1204.5pt>
File: Graphs/Sankey_Evolutivo_B2_Lengua.png Graphic file (type png)
<use Graphs/Sankey_Evolutivo_B2_Lengua.png>
Package pdftex.def Info: Graphs/Sankey_Evolutivo_B2_Lengua.png  used on input l
ine 296.
(pdftex.def)             Requested size: 398.3386pt x 217.26012pt.

Overfull \vbox (4.99472pt too high) detected at line 296
 []

[15

 <./Graphs/Sankey_Evolutivo_B2_Lengua.png>]
\tf@nav=\write6
\openout6 = `main.nav'.

\tf@toc=\write7
\openout7 = `main.toc'.

\tf@snm=\write8
\openout8 = `main.snm'.

 (main.aux
LaTeX Info: Redefining \. on input line 12.
LaTeX Info: Redefining \% on input line 12.
)
 ***********
LaTeX2e <2025-11-01>
L3 programming layer <2025-12-24>
 ***********
Package rerunfilecheck Info: File `main.out' has not changed.
(rerunfilecheck)             Checksum: D41D8CD98F00B204E9800998ECF8427E;0.
 ) 
Here is how much of TeX's memory you used:
 27711 strings out of 467871
 558371 string characters out of 5407728
 940395 words of memory out of 5000000
 56009 multiletter control sequences out of 15000+600000
 636097 words of font info for 69 fonts, out of 8000000 for 9000
 1141 hyphenation exceptions out of 8191
 128i,11n,123p,381b,605s stack positions out of 10000i,1000n,20000p,200000b,200000s
 <C:\Users\USUARIO.DESKTOP-KJ9DUHE.000\AppData\Local\MiKTeX\fonts/pk/ljfour/j
knappen/ec/dpi600\tcss1440.pk> <C:\Users\USUARIO.DESKTOP-KJ9DUHE.000\AppData\Lo
cal\MiKTeX\fonts/pk/ljfour/jknappen/ec/dpi600\tcss1095.pk><C:/Users/USUARIO.DES
KTOP-KJ9DUHE.000/AppData/Local/Programs/MiKTeX/fonts/type1/public/amsfonts/cm/c
mss10.pfb><C:/Users/USUARIO.DESKTOP-KJ9DUHE.000/AppData/Local/Programs/MiKTeX/f
onts/type1/public/amsfonts/cm/cmss12.pfb><C:/Users/USUARIO.DESKTOP-KJ9DUHE.000/
AppData/Local/Programs/MiKTeX/fonts/type1/public/amsfonts/cm/cmss8.pfb><C:/User
s/USUARIO.DESKTOP-KJ9DUHE.000/AppData/Local/Programs/MiKTeX/fonts/type1/public/
amsfonts/cm/cmssbx10.pfb><C:/Users/USUARIO.DESKTOP-KJ9DUHE.000/AppData/Local/Pr
ograms/MiKTeX/fonts/type1/public/amsfonts/cm/cmssi8.pfb><C:/Users/USUARIO.DESKT
OP-KJ9DUHE.000/AppData/Local/Programs/MiKTeX/fonts/type1/public/amsfonts/cm/cms
y8.pfb>
Output written on main.pdf (15 pages, 17571451 bytes).
PDF statistics:
 193 PDF objects out of 1000 (max. 8388607)
 31 named destinations out of 1000 (max. 500000)
 173 words of extra memory for PDF output out of 10000 (max. 10000000)

